[LOG 2025-06-13T22:28:55.529Z] Server started on port 3000
[LOG 2025-06-13T22:29:07.684Z] Prg002 received: {"Timestamp":"14/6/2025, 0:29:04","IdSession":"8c0fa162-ad47-422b-a21c-3d3528d4fac9","Name":"","State":1}
[LOG 2025-06-13T22:29:47.252Z] Prg004 received: {"Timestamp":"14/6/2025, 0:29:44","IdSession":"8c0fa162-ad47-422b-a21c-3d3528d4fac9","Name":"Insert here modifier's name","State":1}
[LOG 2025-06-13T22:31:00.152Z] Prg004 received: {"Timestamp":"14/6/2025, 0:30:57","IdSession":"8c0fa162-ad47-422b-a21c-3d3528d4fac9","Name":"onlyOwner","State":2}
[LOG 2025-06-13T22:31:15.160Z] Prg003 received: {"Timestamp":"14/6/2025, 0:31:12","IdSession":"8c0fa162-ad47-422b-a21c-3d3528d4fac9","Name":"Insert here function's name","State":1}
[LOG 2025-06-13T22:33:03.496Z] Ntd001 received: {"Timestamp":"14/6/2025, 0:33:00","IdSession":"8c0fa162-ad47-422b-a21c-3d3528d4fac9","Name":"Insert here variable's name","State":1}
[LOG 2025-06-13T22:33:41.962Z] Ntd001 received: {"Timestamp":"14/6/2025, 0:33:38","IdSession":"8c0fa162-ad47-422b-a21c-3d3528d4fac9","Name":"owner","State":2}
[LOG 2025-06-13T22:34:44.331Z] Sye004 received: {"Timestamp":"14/6/2025, 0:34:41","IdSession":"8c0fa162-ad47-422b-a21c-3d3528d4fac9","Name":"Animal","State":0}
[LOG 2025-06-13T22:34:49.441Z] Sye004 received: {"Timestamp":"14/6/2025, 0:34:46","IdSession":"8c0fa162-ad47-422b-a21c-3d3528d4fac9","Name":"Animal","State":1}
[LOG 2025-06-13T22:36:35.356Z] Sye004 received: {"Timestamp":"14/6/2025, 0:36:32","IdSession":"8c0fa162-ad47-422b-a21c-3d3528d4fac9","Name":"Animal","State":2}
[LOG 2025-06-13T22:38:23.467Z] Prg004 received: {"Timestamp":"14/6/2025, 0:38:20","IdSession":"8c0fa162-ad47-422b-a21c-3d3528d4fac9","Name":"Insert here modifier's name","State":1}
[LOG 2025-06-13T22:39:13.295Z] Prg003 received: {"Timestamp":"14/6/2025, 0:39:10","IdSession":"8c0fa162-ad47-422b-a21c-3d3528d4fac9","Name":"Insert here function's name","State":1}
[LOG 2025-06-13T22:39:53.641Z] Ntd001 received: {"Timestamp":"14/6/2025, 0:39:50","IdSession":"8c0fa162-ad47-422b-a21c-3d3528d4fac9","Name":"owner","State":1}
[LOG 2025-06-13T22:40:03.389Z] Ntd001 received: {"Timestamp":"14/6/2025, 0:40:00","IdSession":"8c0fa162-ad47-422b-a21c-3d3528d4fac9","Name":"controller","State":2}
[LOG 2025-06-13T22:40:26.916Z] Prg003 received: {"Timestamp":"14/6/2025, 0:40:23","IdSession":"8c0fa162-ad47-422b-a21c-3d3528d4fac9","Name":"Insert here function's name","State":1}
[LOG 2025-06-13T22:40:41.069Z] Prg003 received: {"Timestamp":"14/6/2025, 0:40:38","IdSession":"8c0fa162-ad47-422b-a21c-3d3528d4fac9","Name":"_makeSound","State":1}
[LOG 2025-06-13T22:40:41.071Z] Ntd002 received: {"Timestamp":"14/6/2025, 0:40:38","IdSession":"8c0fa162-ad47-422b-a21c-3d3528d4fac9","State":0}
[LOG 2025-06-13T22:41:40.716Z] Prg003 received: {"Timestamp":"14/6/2025, 0:41:37","IdSession":"8c0fa162-ad47-422b-a21c-3d3528d4fac9","Name":"Insert here function's name","State":1}
[LOG 2025-06-13T22:42:41.139Z] Prg003 received: {"Timestamp":"14/6/2025, 0:42:38","IdSession":"8c0fa162-ad47-422b-a21c-3d3528d4fac9","Name":"makeSound","State":2}
[LOG 2025-06-13T22:42:41.142Z] Ntd002 received: {"Timestamp":"14/6/2025, 0:42:38","IdSession":"8c0fa162-ad47-422b-a21c-3d3528d4fac9","State":1}
[LOG 2025-06-13T22:43:32.892Z] Ntd004 received: {"Timestamp":"14/6/2025, 0:43:29","IdSession":"8c0fa162-ad47-422b-a21c-3d3528d4fac9","Name":"_makeSound","State":0}
[LOG 2025-06-13T22:44:43.777Z] Prg003 received: {"Timestamp":"14/6/2025, 0:44:40","IdSession":"8c0fa162-ad47-422b-a21c-3d3528d4fac9","Name":"makeSound","State":1}
[LOG 2025-06-13T22:45:19.123Z] Prg003 received: {"Timestamp":"14/6/2025, 0:45:16","IdSession":"8c0fa162-ad47-422b-a21c-3d3528d4fac9","Name":"makeSound","State":2}
[LOG 2025-06-13T22:45:19.130Z] Ntd002 received: {"Timestamp":"14/6/2025, 0:45:16","IdSession":"8c0fa162-ad47-422b-a21c-3d3528d4fac9","State":1}
[LOG 2025-06-13T22:45:52.414Z] Sye004 received: {"Timestamp":"14/6/2025, 0:45:49","IdSession":"8c0fa162-ad47-422b-a21c-3d3528d4fac9","Name":"Cat","State":1}
[LOG 2025-06-13T22:54:04.326Z] Sye004 received: {"Timestamp":"14/6/2025, 0:54:01","IdSession":"8c0fa162-ad47-422b-a21c-3d3528d4fac9","Name":"Cat","State":2}
[LOG 2025-06-13T22:56:42.900Z] Prg003 received: {"Timestamp":"14/6/2025, 0:56:39","IdSession":"8c0fa162-ad47-422b-a21c-3d3528d4fac9","Name":"_makeSound","State":0}
[LOG 2025-06-13T22:56:42.931Z] Ntd002 received: {"Timestamp":"14/6/2025, 0:56:39","IdSession":"8c0fa162-ad47-422b-a21c-3d3528d4fac9","State":1}
[LOG 2025-06-13T22:56:47.702Z] Prg003 received: {"Timestamp":"14/6/2025, 0:56:44","IdSession":"8c0fa162-ad47-422b-a21c-3d3528d4fac9","Name":"_makeSound","State":0}
[LOG 2025-06-13T22:56:47.714Z] Ntd002 received: {"Timestamp":"14/6/2025, 0:56:44","IdSession":"8c0fa162-ad47-422b-a21c-3d3528d4fac9","State":1}
[LOG 2025-06-13T22:57:22.608Z] Ntd004 received: {"Timestamp":"14/6/2025, 0:57:19","IdSession":"8c0fa162-ad47-422b-a21c-3d3528d4fac9","Name":"_makeSound","State":0}
[LOG 2025-06-13T22:59:10.042Z] Prg003 received: {"Timestamp":"14/6/2025, 0:59:07","IdSession":"8c0fa162-ad47-422b-a21c-3d3528d4fac9","Name":"Insert here function's name","State":1}
[LOG 2025-06-13T23:00:55.337Z] Prg003 received: {"Timestamp":"14/6/2025, 1:00:52","IdSession":"8c0fa162-ad47-422b-a21c-3d3528d4fac9","Name":"Insert here function's name","State":1}
[LOG 2025-06-13T23:01:09.165Z] Prg003 received: {"Timestamp":"14/6/2025, 1:01:06","IdSession":"8c0fa162-ad47-422b-a21c-3d3528d4fac9","Name":"registerAnimal","State":2}
[LOG 2025-06-13T23:01:09.195Z] Ntd002 received: {"Timestamp":"14/6/2025, 1:01:06","IdSession":"8c0fa162-ad47-422b-a21c-3d3528d4fac9","State":1}
[LOG 2025-06-13T23:03:09.367Z] Prg003 received: {"Timestamp":"14/6/2025, 1:03:06","IdSession":"8c0fa162-ad47-422b-a21c-3d3528d4fac9","Name":"getAnimalCount","State":1}
[LOG 2025-06-13T23:03:09.382Z] Ntd002 received: {"Timestamp":"14/6/2025, 1:03:06","IdSession":"8c0fa162-ad47-422b-a21c-3d3528d4fac9","State":1}
[LOG 2025-06-13T23:03:48.788Z] Prg003 received: {"Timestamp":"14/6/2025, 1:03:45","IdSession":"8c0fa162-ad47-422b-a21c-3d3528d4fac9","Name":"getAnimalCount","State":1}
[LOG 2025-06-13T23:04:06.024Z] Prg003 received: {"Timestamp":"14/6/2025, 1:04:03","IdSession":"8c0fa162-ad47-422b-a21c-3d3528d4fac9","Name":"getAnimalCount","State":2}
[LOG 2025-06-13T23:04:06.041Z] Ntd002 received: {"Timestamp":"14/6/2025, 1:04:03","IdSession":"8c0fa162-ad47-422b-a21c-3d3528d4fac9","State":1}
[LOG 2025-06-13T23:05:08.081Z] Prg003 received: {"Timestamp":"14/6/2025, 1:05:05","IdSession":"8c0fa162-ad47-422b-a21c-3d3528d4fac9","Name":"makeAllAnimalsSound","State":0}
[LOG 2025-06-13T23:05:08.111Z] Ntd002 received: {"Timestamp":"14/6/2025, 1:05:05","IdSession":"8c0fa162-ad47-422b-a21c-3d3528d4fac9","State":1}
[LOG 2025-06-13T23:05:32.052Z] Sye004 received: {"Timestamp":"14/6/2025, 1:05:29","IdSession":"8c0fa162-ad47-422b-a21c-3d3528d4fac9","Name":"Farm","State":0}
[LOG 2025-06-13T23:47:00.855Z] Sye001 received: {"Timestamp":"14/6/2025, 1:46:57","IdSession":"a68d11b2-c669-487d-bedb-e3bc554e80af","Name":"","State":1}
[LOG 2025-06-13T23:53:05.384Z] Dep001 received: {"Timestamp":"14/6/2025, 1:53:05","IdSession":"a68d11b2-c669-487d-bedb-e3bc554e80af","VersionDeprecated":0}
[LOG 2025-06-13T23:53:07.952Z] Dep001 received: {"Timestamp":"14/6/2025, 1:53:07","IdSession":"a68d11b2-c669-487d-bedb-e3bc554e80af","VersionDeprecated":0}
[LOG 2025-06-13T23:53:10.962Z] Sye001 received: {"Timestamp":"14/6/2025, 1:53:07","IdSession":"a68d11b2-c669-487d-bedb-e3bc554e80af","Name":"","State":2}
